src/App.tsx(1,1): error TS6133: 'React' is declared but its value is never read.
src/components/Layout/DashboardLayout.tsx(4,81): error TS2307: Cannot find module 'react-icons/fi' or its corresponding type declarations.
src/features/assets/UploadAsset.tsx(3,1): error TS6133: 'apiClient' is declared but its value is never read.
src/features/auth/AuthContext.tsx(2,1): error TS6133: 'apiClient' is declared but its value is never read.
src/features/auth/AuthPages.tsx(1,1): error TS6133: 'React' is declared but its value is never read.
src/features/dashboard/DashboardRouter.tsx(1,1): error TS6133: 'React' is declared but its value is never read.
src/features/dashboard/DashboardRouter.tsx(6,1): error TS6133: 'TreeExplorer' is declared but its value is never read.
src/features/public-explorer/TreeExplorer.tsx(1,28): error TS1484: 'ErrorInfo' is a type and must be imported using a type-only import when 'verbatimModuleSyntax' is enabled.
